GPU 0: dp_kfc damping=0.0001
Warning: You are sending unauthenticated requests to the HF Hub. Please set a HF_TOKEN to enable higher rate limits and faster downloads.
09/21/2026 11:13:28:WARNING:Warning: You are sending unauthenticated requests to the HF Hub. Please set a HF_TOKEN to enable higher rate limits and faster downloads.
/home/longt29/miniconda3/envs/curve/lib/python3.11/site-packages/torchvision/datasets/cifar.py:83: VisibleDeprecationWarning: dtype(): align should be passed as Python or NumPy boolean but got `align=0`. Did you mean to pass a tuple to create a subarray type? (Deprecated NumPy 2.4)
  entry = pickle.load(f, encoding="latin1")
/home/longt29/miniconda3/envs/curve/lib/python3.11/site-packages/opacus/accountants/analysis/rdp.py:332: UserWarning: Optimal order is the largest alpha. Please consider expanding the range of alphas to get a tighter privacy bound.
  warnings.warn(
dp_kfc damping=0.0001 seed=42 epoch=1: accuracy=0.5829 loss=2.25605 logical_steps=195
dp_kfc damping=0.0001 seed=42 epoch=2: accuracy=0.7812 loss=0.93748 logical_steps=195
dp_kfc damping=0.0001 seed=42 epoch=3: accuracy=0.8247 loss=0.67441 logical_steps=195
dp_kfc damping=0.0001 seed=42 epoch=4: accuracy=0.8485 loss=0.64503 logical_steps=195
dp_kfc damping=0.0001 seed=42 epoch=5: accuracy=0.8614 loss=0.63036 logical_steps=195
GPU 0: dp_kfc_a damping=0.0001
Warning: You are sending unauthenticated requests to the HF Hub. Please set a HF_TOKEN to enable higher rate limits and faster downloads.
09/21/2026 11:36:49:WARNING:Warning: You are sending unauthenticated requests to the HF Hub. Please set a HF_TOKEN to enable higher rate limits and faster downloads.
/home/longt29/miniconda3/envs/curve/lib/python3.11/site-packages/torchvision/datasets/cifar.py:83: VisibleDeprecationWarning: dtype(): align should be passed as Python or NumPy boolean but got `align=0`. Did you mean to pass a tuple to create a subarray type? (Deprecated NumPy 2.4)
  entry = pickle.load(f, encoding="latin1")
/home/longt29/miniconda3/envs/curve/lib/python3.11/site-packages/opacus/accountants/analysis/rdp.py:332: UserWarning: Optimal order is the largest alpha. Please consider expanding the range of alphas to get a tighter privacy bound.
  warnings.warn(
dp_kfc_a damping=0.0001 seed=42 epoch=1: accuracy=0.7315 loss=1.85846 logical_steps=195
dp_kfc_a damping=0.0001 seed=42 epoch=2: accuracy=0.8560 loss=0.62173 logical_steps=195
dp_kfc_a damping=0.0001 seed=42 epoch=3: accuracy=0.8887 loss=0.44416 logical_steps=195
dp_kfc_a damping=0.0001 seed=42 epoch=4: accuracy=0.9038 loss=0.39591 logical_steps=195
dp_kfc_a damping=0.0001 seed=42 epoch=5: accuracy=0.9136 loss=0.37142 logical_steps=195
GPU 0: dp_kfc damping=0.0003
Warning: You are sending unauthenticated requests to the HF Hub. Please set a HF_TOKEN to enable higher rate limits and faster downloads.
09/21/2026 11:58:50:WARNING:Warning: You are sending unauthenticated requests to the HF Hub. Please set a HF_TOKEN to enable higher rate limits and faster downloads.
/home/longt29/miniconda3/envs/curve/lib/python3.11/site-packages/torchvision/datasets/cifar.py:83: VisibleDeprecationWarning: dtype(): align should be passed as Python or NumPy boolean but got `align=0`. Did you mean to pass a tuple to create a subarray type? (Deprecated NumPy 2.4)
  entry = pickle.load(f, encoding="latin1")
/home/longt29/miniconda3/envs/curve/lib/python3.11/site-packages/opacus/accountants/analysis/rdp.py:332: UserWarning: Optimal order is the largest alpha. Please consider expanding the range of alphas to get a tighter privacy bound.
  warnings.warn(
dp_kfc damping=0.0003 seed=42 epoch=1: accuracy=0.6132 loss=2.17550 logical_steps=195
dp_kfc damping=0.0003 seed=42 epoch=2: accuracy=0.7925 loss=0.88253 logical_steps=195
dp_kfc damping=0.0003 seed=42 epoch=3: accuracy=0.8294 loss=0.66741 logical_steps=195
dp_kfc damping=0.0003 seed=42 epoch=4: accuracy=0.8534 loss=0.63422 logical_steps=195
dp_kfc damping=0.0003 seed=42 epoch=5: accuracy=0.8677 loss=0.61452 logical_steps=195
GPU 0: dp_kfc_a damping=0.0003
Warning: You are sending unauthenticated requests to the HF Hub. Please set a HF_TOKEN to enable higher rate limits and faster downloads.
09/21/2026 12:21:47:WARNING:Warning: You are sending unauthenticated requests to the HF Hub. Please set a HF_TOKEN to enable higher rate limits and faster downloads.
/home/longt29/miniconda3/envs/curve/lib/python3.11/site-packages/torchvision/datasets/cifar.py:83: VisibleDeprecationWarning: dtype(): align should be passed as Python or NumPy boolean but got `align=0`. Did you mean to pass a tuple to create a subarray type? (Deprecated NumPy 2.4)
  entry = pickle.load(f, encoding="latin1")
/home/longt29/miniconda3/envs/curve/lib/python3.11/site-packages/opacus/accountants/analysis/rdp.py:332: UserWarning: Optimal order is the largest alpha. Please consider expanding the range of alphas to get a tighter privacy bound.
  warnings.warn(
dp_kfc_a damping=0.0003 seed=42 epoch=1: accuracy=0.7429 loss=1.81005 logical_steps=195
dp_kfc_a damping=0.0003 seed=42 epoch=2: accuracy=0.8593 loss=0.60029 logical_steps=195
dp_kfc_a damping=0.0003 seed=42 epoch=3: accuracy=0.8913 loss=0.43560 logical_steps=195
dp_kfc_a damping=0.0003 seed=42 epoch=4: accuracy=0.9058 loss=0.38990 logical_steps=195
dp_kfc_a damping=0.0003 seed=42 epoch=5: accuracy=0.9145 loss=0.36543 logical_steps=195
