GPU 1: dp_kfc damping=0.001
Warning: You are sending unauthenticated requests to the HF Hub. Please set a HF_TOKEN to enable higher rate limits and faster downloads.
09/21/2026 11:13:29:WARNING:Warning: You are sending unauthenticated requests to the HF Hub. Please set a HF_TOKEN to enable higher rate limits and faster downloads.
/home/longt29/miniconda3/envs/curve/lib/python3.11/site-packages/torchvision/datasets/cifar.py:83: VisibleDeprecationWarning: dtype(): align should be passed as Python or NumPy boolean but got `align=0`. Did you mean to pass a tuple to create a subarray type? (Deprecated NumPy 2.4)
  entry = pickle.load(f, encoding="latin1")
/home/longt29/miniconda3/envs/curve/lib/python3.11/site-packages/opacus/accountants/analysis/rdp.py:332: UserWarning: Optimal order is the largest alpha. Please consider expanding the range of alphas to get a tighter privacy bound.
  warnings.warn(
dp_kfc damping=0.001 seed=42 epoch=1: accuracy=0.6542 loss=2.06357 logical_steps=195
dp_kfc damping=0.001 seed=42 epoch=2: accuracy=0.8042 loss=0.81237 logical_steps=195
dp_kfc damping=0.001 seed=42 epoch=3: accuracy=0.8418 loss=0.64271 logical_steps=195
dp_kfc damping=0.001 seed=42 epoch=4: accuracy=0.8652 loss=0.59536 logical_steps=195
dp_kfc damping=0.001 seed=42 epoch=5: accuracy=0.8776 loss=0.57433 logical_steps=195
GPU 1: dp_kfc_a damping=0.001
Warning: You are sending unauthenticated requests to the HF Hub. Please set a HF_TOKEN to enable higher rate limits and faster downloads.
09/21/2026 11:34:57:WARNING:Warning: You are sending unauthenticated requests to the HF Hub. Please set a HF_TOKEN to enable higher rate limits and faster downloads.
/home/longt29/miniconda3/envs/curve/lib/python3.11/site-packages/torchvision/datasets/cifar.py:83: VisibleDeprecationWarning: dtype(): align should be passed as Python or NumPy boolean but got `align=0`. Did you mean to pass a tuple to create a subarray type? (Deprecated NumPy 2.4)
  entry = pickle.load(f, encoding="latin1")
/home/longt29/miniconda3/envs/curve/lib/python3.11/site-packages/opacus/accountants/analysis/rdp.py:332: UserWarning: Optimal order is the largest alpha. Please consider expanding the range of alphas to get a tighter privacy bound.
  warnings.warn(
dp_kfc_a damping=0.001 seed=42 epoch=1: accuracy=0.7554 loss=1.75071 logical_steps=195
dp_kfc_a damping=0.001 seed=42 epoch=2: accuracy=0.8667 loss=0.57490 logical_steps=195
dp_kfc_a damping=0.001 seed=42 epoch=3: accuracy=0.8953 loss=0.42447 logical_steps=195
dp_kfc_a damping=0.001 seed=42 epoch=4: accuracy=0.9073 loss=0.38098 logical_steps=195
dp_kfc_a damping=0.001 seed=42 epoch=5: accuracy=0.9168 loss=0.35642 logical_steps=195
GPU 1: dp_kfc damping=0.003
Warning: You are sending unauthenticated requests to the HF Hub. Please set a HF_TOKEN to enable higher rate limits and faster downloads.
09/21/2026 11:54:51:WARNING:Warning: You are sending unauthenticated requests to the HF Hub. Please set a HF_TOKEN to enable higher rate limits and faster downloads.
/home/longt29/miniconda3/envs/curve/lib/python3.11/site-packages/torchvision/datasets/cifar.py:83: VisibleDeprecationWarning: dtype(): align should be passed as Python or NumPy boolean but got `align=0`. Did you mean to pass a tuple to create a subarray type? (Deprecated NumPy 2.4)
  entry = pickle.load(f, encoding="latin1")
/home/longt29/miniconda3/envs/curve/lib/python3.11/site-packages/opacus/accountants/analysis/rdp.py:332: UserWarning: Optimal order is the largest alpha. Please consider expanding the range of alphas to get a tighter privacy bound.
  warnings.warn(
dp_kfc damping=0.003 seed=42 epoch=1: accuracy=0.6896 loss=1.94995 logical_steps=195
dp_kfc damping=0.003 seed=42 epoch=2: accuracy=0.8186 loss=0.75088 logical_steps=195
dp_kfc damping=0.003 seed=42 epoch=3: accuracy=0.8577 loss=0.59932 logical_steps=195
dp_kfc damping=0.003 seed=42 epoch=4: accuracy=0.8763 loss=0.54660 logical_steps=195
dp_kfc damping=0.003 seed=42 epoch=5: accuracy=0.8876 loss=0.52447 logical_steps=195
GPU 1: dp_kfc_a damping=0.003
/home/longt29/miniconda3/envs/curve/lib/python3.11/site-packages/torchvision/datasets/cifar.py:83: VisibleDeprecationWarning: dtype(): align should be passed as Python or NumPy boolean but got `align=0`. Did you mean to pass a tuple to create a subarray type? (Deprecated NumPy 2.4)
  entry = pickle.load(f, encoding="latin1")
/home/longt29/miniconda3/envs/curve/lib/python3.11/site-packages/opacus/accountants/analysis/rdp.py:332: UserWarning: Optimal order is the largest alpha. Please consider expanding the range of alphas to get a tighter privacy bound.
  warnings.warn(
dp_kfc_a damping=0.003 seed=42 epoch=1: accuracy=0.7679 loss=1.69540 logical_steps=195
dp_kfc_a damping=0.003 seed=42 epoch=2: accuracy=0.8726 loss=0.55060 logical_steps=195
dp_kfc_a damping=0.003 seed=42 epoch=3: accuracy=0.8987 loss=0.41240 logical_steps=195
dp_kfc_a damping=0.003 seed=42 epoch=4: accuracy=0.9098 loss=0.37024 logical_steps=195
dp_kfc_a damping=0.003 seed=42 epoch=5: accuracy=0.9193 loss=0.34561 logical_steps=195
