GPU 2: dp_kfc damping=0.01
Warning: You are sending unauthenticated requests to the HF Hub. Please set a HF_TOKEN to enable higher rate limits and faster downloads.
09/21/2026 11:13:29:WARNING:Warning: You are sending unauthenticated requests to the HF Hub. Please set a HF_TOKEN to enable higher rate limits and faster downloads.
/home/longt29/miniconda3/envs/curve/lib/python3.11/site-packages/torchvision/datasets/cifar.py:83: VisibleDeprecationWarning: dtype(): align should be passed as Python or NumPy boolean but got `align=0`. Did you mean to pass a tuple to create a subarray type? (Deprecated NumPy 2.4)
  entry = pickle.load(f, encoding="latin1")
/home/longt29/miniconda3/envs/curve/lib/python3.11/site-packages/opacus/accountants/analysis/rdp.py:332: UserWarning: Optimal order is the largest alpha. Please consider expanding the range of alphas to get a tighter privacy bound.
  warnings.warn(
dp_kfc damping=0.01 seed=42 epoch=1: accuracy=0.7258 loss=1.82224 logical_steps=195
dp_kfc damping=0.01 seed=42 epoch=2: accuracy=0.8382 loss=0.68363 logical_steps=195
dp_kfc damping=0.01 seed=42 epoch=3: accuracy=0.8736 loss=0.53682 logical_steps=195
dp_kfc damping=0.01 seed=42 epoch=4: accuracy=0.8876 loss=0.48792 logical_steps=195
dp_kfc damping=0.01 seed=42 epoch=5: accuracy=0.8967 loss=0.46554 logical_steps=195
GPU 2: dp_kfc_a damping=0.01
Warning: You are sending unauthenticated requests to the HF Hub. Please set a HF_TOKEN to enable higher rate limits and faster downloads.
09/21/2026 11:35:07:WARNING:Warning: You are sending unauthenticated requests to the HF Hub. Please set a HF_TOKEN to enable higher rate limits and faster downloads.
/home/longt29/miniconda3/envs/curve/lib/python3.11/site-packages/torchvision/datasets/cifar.py:83: VisibleDeprecationWarning: dtype(): align should be passed as Python or NumPy boolean but got `align=0`. Did you mean to pass a tuple to create a subarray type? (Deprecated NumPy 2.4)
  entry = pickle.load(f, encoding="latin1")
/home/longt29/miniconda3/envs/curve/lib/python3.11/site-packages/opacus/accountants/analysis/rdp.py:332: UserWarning: Optimal order is the largest alpha. Please consider expanding the range of alphas to get a tighter privacy bound.
  warnings.warn(
dp_kfc_a damping=0.01 seed=42 epoch=1: accuracy=0.7799 loss=1.63808 logical_steps=195
dp_kfc_a damping=0.01 seed=42 epoch=2: accuracy=0.8783 loss=0.52367 logical_steps=195
dp_kfc_a damping=0.01 seed=42 epoch=3: accuracy=0.9021 loss=0.39722 logical_steps=195
dp_kfc_a damping=0.01 seed=42 epoch=4: accuracy=0.9124 loss=0.35620 logical_steps=195
dp_kfc_a damping=0.01 seed=42 epoch=5: accuracy=0.9222 loss=0.33168 logical_steps=195
GPU 2: dp_kfc damping=0.03
/home/longt29/miniconda3/envs/curve/lib/python3.11/site-packages/torchvision/datasets/cifar.py:83: VisibleDeprecationWarning: dtype(): align should be passed as Python or NumPy boolean but got `align=0`. Did you mean to pass a tuple to create a subarray type? (Deprecated NumPy 2.4)
  entry = pickle.load(f, encoding="latin1")
/home/longt29/miniconda3/envs/curve/lib/python3.11/site-packages/opacus/accountants/analysis/rdp.py:332: UserWarning: Optimal order is the largest alpha. Please consider expanding the range of alphas to get a tighter privacy bound.
  warnings.warn(
dp_kfc damping=0.03 seed=42 epoch=1: accuracy=0.7550 loss=1.70992 logical_steps=195
dp_kfc damping=0.03 seed=42 epoch=2: accuracy=0.8571 loss=0.61470 logical_steps=195
dp_kfc damping=0.03 seed=42 epoch=3: accuracy=0.8867 loss=0.47653 logical_steps=195
dp_kfc damping=0.03 seed=42 epoch=4: accuracy=0.8995 loss=0.43386 logical_steps=195
dp_kfc damping=0.03 seed=42 epoch=5: accuracy=0.9079 loss=0.41111 logical_steps=195
GPU 2: dp_kfc_a damping=0.03
Warning: You are sending unauthenticated requests to the HF Hub. Please set a HF_TOKEN to enable higher rate limits and faster downloads.
09/21/2026 12:16:22:WARNING:Warning: You are sending unauthenticated requests to the HF Hub. Please set a HF_TOKEN to enable higher rate limits and faster downloads.
/home/longt29/miniconda3/envs/curve/lib/python3.11/site-packages/torchvision/datasets/cifar.py:83: VisibleDeprecationWarning: dtype(): align should be passed as Python or NumPy boolean but got `align=0`. Did you mean to pass a tuple to create a subarray type? (Deprecated NumPy 2.4)
  entry = pickle.load(f, encoding="latin1")
/home/longt29/miniconda3/envs/curve/lib/python3.11/site-packages/opacus/accountants/analysis/rdp.py:332: UserWarning: Optimal order is the largest alpha. Please consider expanding the range of alphas to get a tighter privacy bound.
  warnings.warn(
dp_kfc_a damping=0.03 seed=42 epoch=1: accuracy=0.7898 loss=1.59183 logical_steps=195
dp_kfc_a damping=0.03 seed=42 epoch=2: accuracy=0.8829 loss=0.50115 logical_steps=195
dp_kfc_a damping=0.03 seed=42 epoch=3: accuracy=0.9047 loss=0.38327 logical_steps=195
dp_kfc_a damping=0.03 seed=42 epoch=4: accuracy=0.9155 loss=0.34277 logical_steps=195
dp_kfc_a damping=0.03 seed=42 epoch=5: accuracy=0.9248 loss=0.31844 logical_steps=195
