GPU 3: dp_kfc damping=0.1
/home/longt29/miniconda3/envs/curve/lib/python3.11/site-packages/torchvision/datasets/cifar.py:83: VisibleDeprecationWarning: dtype(): align should be passed as Python or NumPy boolean but got `align=0`. Did you mean to pass a tuple to create a subarray type? (Deprecated NumPy 2.4)
  entry = pickle.load(f, encoding="latin1")
/home/longt29/miniconda3/envs/curve/lib/python3.11/site-packages/opacus/accountants/analysis/rdp.py:332: UserWarning: Optimal order is the largest alpha. Please consider expanding the range of alphas to get a tighter privacy bound.
  warnings.warn(
dp_kfc damping=0.1 seed=42 epoch=1: accuracy=0.7811 loss=1.61364 logical_steps=195
dp_kfc damping=0.1 seed=42 epoch=2: accuracy=0.8774 loss=0.54316 logical_steps=195
dp_kfc damping=0.1 seed=42 epoch=3: accuracy=0.8987 loss=0.41987 logical_steps=195
dp_kfc damping=0.1 seed=42 epoch=4: accuracy=0.9082 loss=0.38015 logical_steps=195
dp_kfc damping=0.1 seed=42 epoch=5: accuracy=0.9188 loss=0.35608 logical_steps=195
GPU 3: dp_kfc_a damping=0.1
Warning: You are sending unauthenticated requests to the HF Hub. Please set a HF_TOKEN to enable higher rate limits and faster downloads.
09/21/2026 11:35:29:WARNING:Warning: You are sending unauthenticated requests to the HF Hub. Please set a HF_TOKEN to enable higher rate limits and faster downloads.
/home/longt29/miniconda3/envs/curve/lib/python3.11/site-packages/torchvision/datasets/cifar.py:83: VisibleDeprecationWarning: dtype(): align should be passed as Python or NumPy boolean but got `align=0`. Did you mean to pass a tuple to create a subarray type? (Deprecated NumPy 2.4)
  entry = pickle.load(f, encoding="latin1")
/home/longt29/miniconda3/envs/curve/lib/python3.11/site-packages/opacus/accountants/analysis/rdp.py:332: UserWarning: Optimal order is the largest alpha. Please consider expanding the range of alphas to get a tighter privacy bound.
  warnings.warn(
dp_kfc_a damping=0.1 seed=42 epoch=1: accuracy=0.7992 loss=1.55371 logical_steps=195
dp_kfc_a damping=0.1 seed=42 epoch=2: accuracy=0.8864 loss=0.48180 logical_steps=195
dp_kfc_a damping=0.1 seed=42 epoch=3: accuracy=0.9072 loss=0.36985 logical_steps=195
dp_kfc_a damping=0.1 seed=42 epoch=4: accuracy=0.9168 loss=0.32921 logical_steps=195
dp_kfc_a damping=0.1 seed=42 epoch=5: accuracy=0.9275 loss=0.30492 logical_steps=195
