GPU 1: dp_kfc, damping=0.1
/home/longt29/miniconda3/envs/curve/lib/python3.11/site-packages/torchvision/datasets/cifar.py:83: VisibleDeprecationWarning: dtype(): align should be passed as Python or NumPy boolean but got `align=0`. Did you mean to pass a tuple to create a subarray type? (Deprecated NumPy 2.4)
  entry = pickle.load(f, encoding="latin1")
/home/longt29/miniconda3/envs/curve/lib/python3.11/site-packages/opacus/accountants/analysis/rdp.py:332: UserWarning: Optimal order is the largest alpha. Please consider expanding the range of alphas to get a tighter privacy bound.
  warnings.warn(
dp_kfc damping=0.1 seed=42 epoch=1: accuracy=0.2773 loss=2.06276 logical_steps=195
dp_kfc damping=0.1 seed=42 epoch=2: accuracy=0.2964 loss=1.96314 logical_steps=195
dp_kfc damping=0.1 seed=42 epoch=3: accuracy=0.3070 loss=1.93775 logical_steps=195
dp_kfc damping=0.1 seed=42 epoch=4: accuracy=0.3060 loss=1.91925 logical_steps=195
dp_kfc damping=0.1 seed=42 epoch=5: accuracy=0.3172 loss=1.91142 logical_steps=195
dp_kfc damping=0.1 seed=42 epoch=6: accuracy=0.3198 loss=1.90182 logical_steps=195
dp_kfc damping=0.1 seed=42 epoch=7: accuracy=0.3293 loss=1.89630 logical_steps=195
dp_kfc damping=0.1 seed=42 epoch=8: accuracy=0.3340 loss=1.89246 logical_steps=195
dp_kfc damping=0.1 seed=42 epoch=9: accuracy=0.3335 loss=1.88423 logical_steps=195
dp_kfc damping=0.1 seed=42 epoch=10: accuracy=0.3463 loss=1.87390 logical_steps=195
dp_kfc damping=0.1 seed=42 epoch=11: accuracy=0.3451 loss=1.86374 logical_steps=195
dp_kfc damping=0.1 seed=42 epoch=12: accuracy=0.3501 loss=1.85557 logical_steps=195
dp_kfc damping=0.1 seed=42 epoch=13: accuracy=0.3583 loss=1.85006 logical_steps=195
dp_kfc damping=0.1 seed=42 epoch=14: accuracy=0.3597 loss=1.84108 logical_steps=195
dp_kfc damping=0.1 seed=42 epoch=15: accuracy=0.3676 loss=1.84107 logical_steps=195
dp_kfc damping=0.1 seed=42 epoch=16: accuracy=0.3673 loss=1.83340 logical_steps=195
dp_kfc damping=0.1 seed=42 epoch=17: accuracy=0.3704 loss=1.82886 logical_steps=195
dp_kfc damping=0.1 seed=42 epoch=18: accuracy=0.3756 loss=1.81721 logical_steps=195
dp_kfc damping=0.1 seed=42 epoch=19: accuracy=0.3760 loss=1.81298 logical_steps=195
dp_kfc damping=0.1 seed=42 epoch=20: accuracy=0.3810 loss=1.80756 logical_steps=195
GPU 1: dp_kfc_a, damping=0.1
/home/longt29/miniconda3/envs/curve/lib/python3.11/site-packages/torchvision/datasets/cifar.py:83: VisibleDeprecationWarning: dtype(): align should be passed as Python or NumPy boolean but got `align=0`. Did you mean to pass a tuple to create a subarray type? (Deprecated NumPy 2.4)
  entry = pickle.load(f, encoding="latin1")
/home/longt29/miniconda3/envs/curve/lib/python3.11/site-packages/opacus/accountants/analysis/rdp.py:332: UserWarning: Optimal order is the largest alpha. Please consider expanding the range of alphas to get a tighter privacy bound.
  warnings.warn(
dp_kfc_a damping=0.1 seed=42 epoch=1: accuracy=0.2771 loss=2.06114 logical_steps=195
dp_kfc_a damping=0.1 seed=42 epoch=2: accuracy=0.2975 loss=1.96372 logical_steps=195
dp_kfc_a damping=0.1 seed=42 epoch=3: accuracy=0.3036 loss=1.93920 logical_steps=195
dp_kfc_a damping=0.1 seed=42 epoch=4: accuracy=0.3062 loss=1.92133 logical_steps=195
dp_kfc_a damping=0.1 seed=42 epoch=5: accuracy=0.3169 loss=1.91393 logical_steps=195
dp_kfc_a damping=0.1 seed=42 epoch=6: accuracy=0.3189 loss=1.90493 logical_steps=195
dp_kfc_a damping=0.1 seed=42 epoch=7: accuracy=0.3289 loss=1.90025 logical_steps=195
dp_kfc_a damping=0.1 seed=42 epoch=8: accuracy=0.3331 loss=1.89724 logical_steps=195
dp_kfc_a damping=0.1 seed=42 epoch=9: accuracy=0.3346 loss=1.88919 logical_steps=195
dp_kfc_a damping=0.1 seed=42 epoch=10: accuracy=0.3457 loss=1.87932 logical_steps=195
dp_kfc_a damping=0.1 seed=42 epoch=11: accuracy=0.3447 loss=1.86843 logical_steps=195
dp_kfc_a damping=0.1 seed=42 epoch=12: accuracy=0.3506 loss=1.86003 logical_steps=195
dp_kfc_a damping=0.1 seed=42 epoch=13: accuracy=0.3569 loss=1.85349 logical_steps=195
dp_kfc_a damping=0.1 seed=42 epoch=14: accuracy=0.3583 loss=1.84435 logical_steps=195
dp_kfc_a damping=0.1 seed=42 epoch=15: accuracy=0.3667 loss=1.84349 logical_steps=195
dp_kfc_a damping=0.1 seed=42 epoch=16: accuracy=0.3631 loss=1.83621 logical_steps=195
dp_kfc_a damping=0.1 seed=42 epoch=17: accuracy=0.3697 loss=1.83085 logical_steps=195
dp_kfc_a damping=0.1 seed=42 epoch=18: accuracy=0.3718 loss=1.81859 logical_steps=195
dp_kfc_a damping=0.1 seed=42 epoch=19: accuracy=0.3754 loss=1.81347 logical_steps=195
dp_kfc_a damping=0.1 seed=42 epoch=20: accuracy=0.3793 loss=1.80898 logical_steps=195
GPU 1: dp_adamw, damping=None
/home/longt29/miniconda3/envs/curve/lib/python3.11/site-packages/torchvision/datasets/cifar.py:83: VisibleDeprecationWarning: dtype(): align should be passed as Python or NumPy boolean but got `align=0`. Did you mean to pass a tuple to create a subarray type? (Deprecated NumPy 2.4)
  entry = pickle.load(f, encoding="latin1")
/home/longt29/miniconda3/envs/curve/lib/python3.11/site-packages/opacus/accountants/analysis/rdp.py:332: UserWarning: Optimal order is the largest alpha. Please consider expanding the range of alphas to get a tighter privacy bound.
  warnings.warn(
dp_adamw damping=None seed=42 epoch=1: accuracy=0.2755 loss=2.05417 logical_steps=195
dp_adamw damping=None seed=42 epoch=2: accuracy=0.3007 loss=1.95978 logical_steps=195
dp_adamw damping=None seed=42 epoch=3: accuracy=0.3091 loss=1.93470 logical_steps=195
dp_adamw damping=None seed=42 epoch=4: accuracy=0.3131 loss=1.91571 logical_steps=195
dp_adamw damping=None seed=42 epoch=5: accuracy=0.3204 loss=1.90708 logical_steps=195
dp_adamw damping=None seed=42 epoch=6: accuracy=0.3245 loss=1.89570 logical_steps=195
dp_adamw damping=None seed=42 epoch=7: accuracy=0.3378 loss=1.88684 logical_steps=195
dp_adamw damping=None seed=42 epoch=8: accuracy=0.3398 loss=1.87721 logical_steps=195
dp_adamw damping=None seed=42 epoch=9: accuracy=0.3485 loss=1.86450 logical_steps=195
dp_adamw damping=None seed=42 epoch=10: accuracy=0.3524 loss=1.85362 logical_steps=195
dp_adamw damping=None seed=42 epoch=11: accuracy=0.3547 loss=1.84008 logical_steps=195
dp_adamw damping=None seed=42 epoch=12: accuracy=0.3651 loss=1.82911 logical_steps=195
dp_adamw damping=None seed=42 epoch=13: accuracy=0.3710 loss=1.81914 logical_steps=195
dp_adamw damping=None seed=42 epoch=14: accuracy=0.3735 loss=1.81217 logical_steps=195
dp_adamw damping=None seed=42 epoch=15: accuracy=0.3767 loss=1.80813 logical_steps=195
dp_adamw damping=None seed=42 epoch=16: accuracy=0.3773 loss=1.79867 logical_steps=195
dp_adamw damping=None seed=42 epoch=17: accuracy=0.3778 loss=1.78991 logical_steps=195
dp_adamw damping=None seed=42 epoch=18: accuracy=0.3866 loss=1.77618 logical_steps=195
dp_adamw damping=None seed=42 epoch=19: accuracy=0.3882 loss=1.77031 logical_steps=195
dp_adamw damping=None seed=42 epoch=20: accuracy=0.3918 loss=1.76401 logical_steps=195
