GPU 0: dp_kfc damping=0.001
Warning: You are sending unauthenticated requests to the HF Hub. Please set a HF_TOKEN to enable higher rate limits and faster downloads.
09/21/2026 13:32:29:WARNING:Warning: You are sending unauthenticated requests to the HF Hub. Please set a HF_TOKEN to enable higher rate limits and faster downloads.
/home/longt29/miniconda3/envs/curve/lib/python3.11/site-packages/torchvision/datasets/cifar.py:83: VisibleDeprecationWarning: dtype(): align should be passed as Python or NumPy boolean but got `align=0`. Did you mean to pass a tuple to create a subarray type? (Deprecated NumPy 2.4)
  entry = pickle.load(f, encoding="latin1")
/home/longt29/miniconda3/envs/curve/lib/python3.11/site-packages/opacus/accountants/analysis/rdp.py:332: UserWarning: Optimal order is the largest alpha. Please consider expanding the range of alphas to get a tighter privacy bound.
  warnings.warn(
dp_kfc damping=0.001 seed=42 epoch=1: accuracy=0.8454 loss=1.25418 logical_steps=195
dp_kfc damping=0.001 seed=42 epoch=2: accuracy=0.8927 loss=0.45499 logical_steps=195
dp_kfc damping=0.001 seed=42 epoch=3: accuracy=0.9103 loss=0.42430 logical_steps=195
dp_kfc damping=0.001 seed=42 epoch=4: accuracy=0.9162 loss=0.41390 logical_steps=195
dp_kfc damping=0.001 seed=42 epoch=5: accuracy=0.9225 loss=0.40579 logical_steps=195
GPU 0: dp_kfc_a damping=0.001
/home/longt29/miniconda3/envs/curve/lib/python3.11/site-packages/torchvision/datasets/cifar.py:83: VisibleDeprecationWarning: dtype(): align should be passed as Python or NumPy boolean but got `align=0`. Did you mean to pass a tuple to create a subarray type? (Deprecated NumPy 2.4)
  entry = pickle.load(f, encoding="latin1")
/home/longt29/miniconda3/envs/curve/lib/python3.11/site-packages/opacus/accountants/analysis/rdp.py:332: UserWarning: Optimal order is the largest alpha. Please consider expanding the range of alphas to get a tighter privacy bound.
  warnings.warn(
dp_kfc_a damping=0.001 seed=42 epoch=1: accuracy=0.9322 loss=0.60009 logical_steps=195
dp_kfc_a damping=0.001 seed=42 epoch=2: accuracy=0.9461 loss=0.20685 logical_steps=195
dp_kfc_a damping=0.001 seed=42 epoch=3: accuracy=0.9495 loss=0.19522 logical_steps=195
dp_kfc_a damping=0.001 seed=42 epoch=4: accuracy=0.9503 loss=0.19105 logical_steps=195
dp_kfc_a damping=0.001 seed=42 epoch=5: accuracy=0.9518 loss=0.19070 logical_steps=195
