GPU 1: dp_kfc damping=0.01
Warning: You are sending unauthenticated requests to the HF Hub. Please set a HF_TOKEN to enable higher rate limits and faster downloads.
09/21/2026 13:32:29:WARNING:Warning: You are sending unauthenticated requests to the HF Hub. Please set a HF_TOKEN to enable higher rate limits and faster downloads.
/home/longt29/miniconda3/envs/curve/lib/python3.11/site-packages/torchvision/datasets/cifar.py:83: VisibleDeprecationWarning: dtype(): align should be passed as Python or NumPy boolean but got `align=0`. Did you mean to pass a tuple to create a subarray type? (Deprecated NumPy 2.4)
  entry = pickle.load(f, encoding="latin1")
/home/longt29/miniconda3/envs/curve/lib/python3.11/site-packages/opacus/accountants/analysis/rdp.py:332: UserWarning: Optimal order is the largest alpha. Please consider expanding the range of alphas to get a tighter privacy bound.
  warnings.warn(
dp_kfc damping=0.01 seed=42 epoch=1: accuracy=0.9102 loss=0.77491 logical_steps=195
dp_kfc damping=0.01 seed=42 epoch=2: accuracy=0.9281 loss=0.29298 logical_steps=195
dp_kfc damping=0.01 seed=42 epoch=3: accuracy=0.9374 loss=0.27797 logical_steps=195
dp_kfc damping=0.01 seed=42 epoch=4: accuracy=0.9395 loss=0.26952 logical_steps=195
dp_kfc damping=0.01 seed=42 epoch=5: accuracy=0.9422 loss=0.26850 logical_steps=195
GPU 1: dp_kfc_a damping=0.01
Warning: You are sending unauthenticated requests to the HF Hub. Please set a HF_TOKEN to enable higher rate limits and faster downloads.
09/21/2026 13:44:10:WARNING:Warning: You are sending unauthenticated requests to the HF Hub. Please set a HF_TOKEN to enable higher rate limits and faster downloads.
/home/longt29/miniconda3/envs/curve/lib/python3.11/site-packages/torchvision/datasets/cifar.py:83: VisibleDeprecationWarning: dtype(): align should be passed as Python or NumPy boolean but got `align=0`. Did you mean to pass a tuple to create a subarray type? (Deprecated NumPy 2.4)
  entry = pickle.load(f, encoding="latin1")
/home/longt29/miniconda3/envs/curve/lib/python3.11/site-packages/opacus/accountants/analysis/rdp.py:332: UserWarning: Optimal order is the largest alpha. Please consider expanding the range of alphas to get a tighter privacy bound.
  warnings.warn(
dp_kfc_a damping=0.01 seed=42 epoch=1: accuracy=0.9313 loss=0.60149 logical_steps=195
dp_kfc_a damping=0.01 seed=42 epoch=2: accuracy=0.9461 loss=0.20744 logical_steps=195
dp_kfc_a damping=0.01 seed=42 epoch=3: accuracy=0.9494 loss=0.19490 logical_steps=195
dp_kfc_a damping=0.01 seed=42 epoch=4: accuracy=0.9508 loss=0.19060 logical_steps=195
dp_kfc_a damping=0.01 seed=42 epoch=5: accuracy=0.9517 loss=0.19040 logical_steps=195
