GPU 2: dp_kfc damping=0.1
Warning: You are sending unauthenticated requests to the HF Hub. Please set a HF_TOKEN to enable higher rate limits and faster downloads.
09/21/2026 13:32:29:WARNING:Warning: You are sending unauthenticated requests to the HF Hub. Please set a HF_TOKEN to enable higher rate limits and faster downloads.
/home/longt29/miniconda3/envs/curve/lib/python3.11/site-packages/torchvision/datasets/cifar.py:83: VisibleDeprecationWarning: dtype(): align should be passed as Python or NumPy boolean but got `align=0`. Did you mean to pass a tuple to create a subarray type? (Deprecated NumPy 2.4)
  entry = pickle.load(f, encoding="latin1")
/home/longt29/miniconda3/envs/curve/lib/python3.11/site-packages/opacus/accountants/analysis/rdp.py:332: UserWarning: Optimal order is the largest alpha. Please consider expanding the range of alphas to get a tighter privacy bound.
  warnings.warn(
dp_kfc damping=0.1 seed=42 epoch=1: accuracy=0.9329 loss=0.59265 logical_steps=195
dp_kfc damping=0.1 seed=42 epoch=2: accuracy=0.9454 loss=0.21918 logical_steps=195
dp_kfc damping=0.1 seed=42 epoch=3: accuracy=0.9499 loss=0.21237 logical_steps=195
dp_kfc damping=0.1 seed=42 epoch=4: accuracy=0.9501 loss=0.20760 logical_steps=195
dp_kfc damping=0.1 seed=42 epoch=5: accuracy=0.9520 loss=0.20690 logical_steps=195
GPU 2: dp_kfc_a damping=0.1
Warning: You are sending unauthenticated requests to the HF Hub. Please set a HF_TOKEN to enable higher rate limits and faster downloads.
09/21/2026 13:44:19:WARNING:Warning: You are sending unauthenticated requests to the HF Hub. Please set a HF_TOKEN to enable higher rate limits and faster downloads.
/home/longt29/miniconda3/envs/curve/lib/python3.11/site-packages/torchvision/datasets/cifar.py:83: VisibleDeprecationWarning: dtype(): align should be passed as Python or NumPy boolean but got `align=0`. Did you mean to pass a tuple to create a subarray type? (Deprecated NumPy 2.4)
  entry = pickle.load(f, encoding="latin1")
/home/longt29/miniconda3/envs/curve/lib/python3.11/site-packages/opacus/accountants/analysis/rdp.py:332: UserWarning: Optimal order is the largest alpha. Please consider expanding the range of alphas to get a tighter privacy bound.
  warnings.warn(
dp_kfc_a damping=0.1 seed=42 epoch=1: accuracy=0.9282 loss=0.60870 logical_steps=195
dp_kfc_a damping=0.1 seed=42 epoch=2: accuracy=0.9452 loss=0.21287 logical_steps=195
dp_kfc_a damping=0.1 seed=42 epoch=3: accuracy=0.9497 loss=0.19468 logical_steps=195
dp_kfc_a damping=0.1 seed=42 epoch=4: accuracy=0.9507 loss=0.18950 logical_steps=195
dp_kfc_a damping=0.1 seed=42 epoch=5: accuracy=0.9522 loss=0.18941 logical_steps=195
