GPU 0: dp_kfc damping=0.001
/home/longt29/miniconda3/envs/curve/lib/python3.11/site-packages/torchvision/datasets/cifar.py:83: VisibleDeprecationWarning: dtype(): align should be passed as Python or NumPy boolean but got `align=0`. Did you mean to pass a tuple to create a subarray type? (Deprecated NumPy 2.4)
  entry = pickle.load(f, encoding="latin1")
/home/longt29/miniconda3/envs/curve/lib/python3.11/site-packages/opacus/accountants/analysis/rdp.py:332: UserWarning: Optimal order is the largest alpha. Please consider expanding the range of alphas to get a tighter privacy bound.
  warnings.warn(
dp_kfc damping=0.001 seed=42 epoch=1: accuracy=0.1100 loss=2.30225 logical_steps=195
dp_kfc damping=0.001 seed=42 epoch=2: accuracy=0.1010 loss=2.30258 logical_steps=195
dp_kfc damping=0.001 seed=42 epoch=3: accuracy=0.1004 loss=2.30258 logical_steps=195
dp_kfc damping=0.001 seed=42 epoch=4: accuracy=0.0993 loss=2.30258 logical_steps=195
dp_kfc damping=0.001 seed=42 epoch=5: accuracy=0.0988 loss=2.30258 logical_steps=195
GPU 0: dp_kfc_a damping=0.001
/home/longt29/miniconda3/envs/curve/lib/python3.11/site-packages/torchvision/datasets/cifar.py:83: VisibleDeprecationWarning: dtype(): align should be passed as Python or NumPy boolean but got `align=0`. Did you mean to pass a tuple to create a subarray type? (Deprecated NumPy 2.4)
  entry = pickle.load(f, encoding="latin1")
/home/longt29/miniconda3/envs/curve/lib/python3.11/site-packages/opacus/accountants/analysis/rdp.py:332: UserWarning: Optimal order is the largest alpha. Please consider expanding the range of alphas to get a tighter privacy bound.
  warnings.warn(
dp_kfc_a damping=0.001 seed=42 epoch=1: accuracy=0.1568 loss=2.30054 logical_steps=195
dp_kfc_a damping=0.001 seed=42 epoch=2: accuracy=0.1912 loss=2.29419 logical_steps=195
dp_kfc_a damping=0.001 seed=42 epoch=3: accuracy=0.2196 loss=2.28002 logical_steps=195
dp_kfc_a damping=0.001 seed=42 epoch=4: accuracy=0.2301 loss=2.24459 logical_steps=195
dp_kfc_a damping=0.001 seed=42 epoch=5: accuracy=0.2437 loss=2.19968 logical_steps=195
