GPU 1: dp_kfc damping=0.01
/home/longt29/miniconda3/envs/curve/lib/python3.11/site-packages/torchvision/datasets/cifar.py:83: VisibleDeprecationWarning: dtype(): align should be passed as Python or NumPy boolean but got `align=0`. Did you mean to pass a tuple to create a subarray type? (Deprecated NumPy 2.4)
  entry = pickle.load(f, encoding="latin1")
/home/longt29/miniconda3/envs/curve/lib/python3.11/site-packages/opacus/accountants/analysis/rdp.py:332: UserWarning: Optimal order is the largest alpha. Please consider expanding the range of alphas to get a tighter privacy bound.
  warnings.warn(
dp_kfc damping=0.01 seed=42 epoch=1: accuracy=0.1315 loss=2.30237 logical_steps=195
dp_kfc damping=0.01 seed=42 epoch=2: accuracy=0.1481 loss=2.30254 logical_steps=195
dp_kfc damping=0.01 seed=42 epoch=3: accuracy=0.1590 loss=2.30249 logical_steps=195
dp_kfc damping=0.01 seed=42 epoch=4: accuracy=0.1859 loss=2.30238 logical_steps=195
dp_kfc damping=0.01 seed=42 epoch=5: accuracy=0.2067 loss=2.30224 logical_steps=195
GPU 1: dp_kfc_a damping=0.01
/home/longt29/miniconda3/envs/curve/lib/python3.11/site-packages/torchvision/datasets/cifar.py:83: VisibleDeprecationWarning: dtype(): align should be passed as Python or NumPy boolean but got `align=0`. Did you mean to pass a tuple to create a subarray type? (Deprecated NumPy 2.4)
  entry = pickle.load(f, encoding="latin1")
/home/longt29/miniconda3/envs/curve/lib/python3.11/site-packages/opacus/accountants/analysis/rdp.py:332: UserWarning: Optimal order is the largest alpha. Please consider expanding the range of alphas to get a tighter privacy bound.
  warnings.warn(
dp_kfc_a damping=0.01 seed=42 epoch=1: accuracy=0.1493 loss=2.30008 logical_steps=195
dp_kfc_a damping=0.01 seed=42 epoch=2: accuracy=0.1940 loss=2.29135 logical_steps=195
dp_kfc_a damping=0.01 seed=42 epoch=3: accuracy=0.2246 loss=2.26828 logical_steps=195
dp_kfc_a damping=0.01 seed=42 epoch=4: accuracy=0.2304 loss=2.22002 logical_steps=195
dp_kfc_a damping=0.01 seed=42 epoch=5: accuracy=0.2453 loss=2.18207 logical_steps=195
