GPU 2: dp_kfc damping=0.1
/home/longt29/miniconda3/envs/curve/lib/python3.11/site-packages/torchvision/datasets/cifar.py:83: VisibleDeprecationWarning: dtype(): align should be passed as Python or NumPy boolean but got `align=0`. Did you mean to pass a tuple to create a subarray type? (Deprecated NumPy 2.4)
  entry = pickle.load(f, encoding="latin1")
/home/longt29/miniconda3/envs/curve/lib/python3.11/site-packages/opacus/accountants/analysis/rdp.py:332: UserWarning: Optimal order is the largest alpha. Please consider expanding the range of alphas to get a tighter privacy bound.
  warnings.warn(
dp_kfc damping=0.1 seed=42 epoch=1: accuracy=0.1936 loss=2.30162 logical_steps=195
dp_kfc damping=0.1 seed=42 epoch=2: accuracy=0.2286 loss=2.29739 logical_steps=195
dp_kfc damping=0.1 seed=42 epoch=3: accuracy=0.2215 loss=2.28062 logical_steps=195
dp_kfc damping=0.1 seed=42 epoch=4: accuracy=0.2346 loss=2.23857 logical_steps=195
dp_kfc damping=0.1 seed=42 epoch=5: accuracy=0.2568 loss=2.20015 logical_steps=195
GPU 2: dp_kfc_a damping=0.1
/home/longt29/miniconda3/envs/curve/lib/python3.11/site-packages/torchvision/datasets/cifar.py:83: VisibleDeprecationWarning: dtype(): align should be passed as Python or NumPy boolean but got `align=0`. Did you mean to pass a tuple to create a subarray type? (Deprecated NumPy 2.4)
  entry = pickle.load(f, encoding="latin1")
/home/longt29/miniconda3/envs/curve/lib/python3.11/site-packages/opacus/accountants/analysis/rdp.py:332: UserWarning: Optimal order is the largest alpha. Please consider expanding the range of alphas to get a tighter privacy bound.
  warnings.warn(
dp_kfc_a damping=0.1 seed=42 epoch=1: accuracy=0.1371 loss=2.29942 logical_steps=195
dp_kfc_a damping=0.1 seed=42 epoch=2: accuracy=0.2031 loss=2.28699 logical_steps=195
dp_kfc_a damping=0.1 seed=42 epoch=3: accuracy=0.2307 loss=2.25187 logical_steps=195
dp_kfc_a damping=0.1 seed=42 epoch=4: accuracy=0.2416 loss=2.19657 logical_steps=195
dp_kfc_a damping=0.1 seed=42 epoch=5: accuracy=0.2760 loss=2.14954 logical_steps=195
