Warning: You are sending unauthenticated requests to the HF Hub. Please set a HF_TOKEN to enable higher rate limits and faster downloads.
09/21/2026 17:12:57:WARNING:Warning: You are sending unauthenticated requests to the HF Hub. Please set a HF_TOKEN to enable higher rate limits and faster downloads.
/home/longt29/miniconda3/envs/curve/lib/python3.11/site-packages/torchvision/datasets/cifar.py:83: VisibleDeprecationWarning: dtype(): align should be passed as Python or NumPy boolean but got `align=0`. Did you mean to pass a tuple to create a subarray type? (Deprecated NumPy 2.4)
  entry = pickle.load(f, encoding="latin1")
/home/longt29/miniconda3/envs/curve/lib/python3.11/site-packages/opacus/accountants/analysis/rdp.py:332: UserWarning: Optimal order is the largest alpha. Please consider expanding the range of alphas to get a tighter privacy bound.
  warnings.warn(
wiener_a_none_lr_1e-4 scale=none linear_lr=0.0001 seed=42 epoch=1: accuracy=0.4621 loss=2.05612 logical_steps=195
wiener_a_none_lr_1e-4 scale=none linear_lr=0.0001 seed=42 epoch=2: accuracy=0.5936 loss=1.43103 logical_steps=195
wiener_a_none_lr_1e-4 scale=none linear_lr=0.0001 seed=42 epoch=3: accuracy=0.6660 loss=1.25819 logical_steps=195
wiener_a_none_lr_1e-4 scale=none linear_lr=0.0001 seed=42 epoch=4: accuracy=0.6953 loss=1.14780 logical_steps=195
wiener_a_none_lr_1e-4 scale=none linear_lr=0.0001 seed=42 epoch=5: accuracy=0.7180 loss=1.12208 logical_steps=195
Warning: You are sending unauthenticated requests to the HF Hub. Please set a HF_TOKEN to enable higher rate limits and faster downloads.
09/21/2026 17:35:28:WARNING:Warning: You are sending unauthenticated requests to the HF Hub. Please set a HF_TOKEN to enable higher rate limits and faster downloads.
/home/longt29/miniconda3/envs/curve/lib/python3.11/site-packages/torchvision/datasets/cifar.py:83: VisibleDeprecationWarning: dtype(): align should be passed as Python or NumPy boolean but got `align=0`. Did you mean to pass a tuple to create a subarray type? (Deprecated NumPy 2.4)
  entry = pickle.load(f, encoding="latin1")
/home/longt29/miniconda3/envs/curve/lib/python3.11/site-packages/opacus/accountants/analysis/rdp.py:332: UserWarning: Optimal order is the largest alpha. Please consider expanding the range of alphas to get a tighter privacy bound.
  warnings.warn(
wiener_a_rms_lr_1e-4 scale=rms_match linear_lr=0.0001 seed=42 epoch=1: accuracy=0.4620 loss=2.05612 logical_steps=195
wiener_a_rms_lr_1e-4 scale=rms_match linear_lr=0.0001 seed=42 epoch=2: accuracy=0.5949 loss=1.41301 logical_steps=195
wiener_a_rms_lr_1e-4 scale=rms_match linear_lr=0.0001 seed=42 epoch=3: accuracy=0.6755 loss=1.24023 logical_steps=195
wiener_a_rms_lr_1e-4 scale=rms_match linear_lr=0.0001 seed=42 epoch=4: accuracy=0.7069 loss=1.11520 logical_steps=195
wiener_a_rms_lr_1e-4 scale=rms_match linear_lr=0.0001 seed=42 epoch=5: accuracy=0.7181 loss=1.08532 logical_steps=195
