Warning: You are sending unauthenticated requests to the HF Hub. Please set a HF_TOKEN to enable higher rate limits and faster downloads.
09/21/2026 17:12:57:WARNING:Warning: You are sending unauthenticated requests to the HF Hub. Please set a HF_TOKEN to enable higher rate limits and faster downloads.
/home/longt29/miniconda3/envs/curve/lib/python3.11/site-packages/torchvision/datasets/cifar.py:83: VisibleDeprecationWarning: dtype(): align should be passed as Python or NumPy boolean but got `align=0`. Did you mean to pass a tuple to create a subarray type? (Deprecated NumPy 2.4)
  entry = pickle.load(f, encoding="latin1")
/home/longt29/miniconda3/envs/curve/lib/python3.11/site-packages/opacus/accountants/analysis/rdp.py:332: UserWarning: Optimal order is the largest alpha. Please consider expanding the range of alphas to get a tighter privacy bound.
  warnings.warn(
wiener_a_none_lr_3e-4 scale=none linear_lr=0.0003 seed=42 epoch=1: accuracy=0.5184 loss=1.79220 logical_steps=195
wiener_a_none_lr_3e-4 scale=none linear_lr=0.0003 seed=42 epoch=2: accuracy=0.6152 loss=1.36981 logical_steps=195
wiener_a_none_lr_3e-4 scale=none linear_lr=0.0003 seed=42 epoch=3: accuracy=0.6254 loss=1.31657 logical_steps=195
wiener_a_none_lr_3e-4 scale=none linear_lr=0.0003 seed=42 epoch=4: accuracy=0.6464 loss=1.28438 logical_steps=195
wiener_a_none_lr_3e-4 scale=none linear_lr=0.0003 seed=42 epoch=5: accuracy=0.6665 loss=1.30784 logical_steps=195
Warning: You are sending unauthenticated requests to the HF Hub. Please set a HF_TOKEN to enable higher rate limits and faster downloads.
09/21/2026 17:38:21:WARNING:Warning: You are sending unauthenticated requests to the HF Hub. Please set a HF_TOKEN to enable higher rate limits and faster downloads.
/home/longt29/miniconda3/envs/curve/lib/python3.11/site-packages/torchvision/datasets/cifar.py:83: VisibleDeprecationWarning: dtype(): align should be passed as Python or NumPy boolean but got `align=0`. Did you mean to pass a tuple to create a subarray type? (Deprecated NumPy 2.4)
  entry = pickle.load(f, encoding="latin1")
/home/longt29/miniconda3/envs/curve/lib/python3.11/site-packages/opacus/accountants/analysis/rdp.py:332: UserWarning: Optimal order is the largest alpha. Please consider expanding the range of alphas to get a tighter privacy bound.
  warnings.warn(
wiener_a_rms_lr_3e-4 scale=rms_match linear_lr=0.0003 seed=42 epoch=1: accuracy=0.5173 loss=1.79259 logical_steps=195
wiener_a_rms_lr_3e-4 scale=rms_match linear_lr=0.0003 seed=42 epoch=2: accuracy=0.6038 loss=1.39084 logical_steps=195
wiener_a_rms_lr_3e-4 scale=rms_match linear_lr=0.0003 seed=42 epoch=3: accuracy=0.6124 loss=1.36620 logical_steps=195
wiener_a_rms_lr_3e-4 scale=rms_match linear_lr=0.0003 seed=42 epoch=4: accuracy=0.6227 loss=1.38619 logical_steps=195
wiener_a_rms_lr_3e-4 scale=rms_match linear_lr=0.0003 seed=42 epoch=5: accuracy=0.6139 loss=1.43792 logical_steps=195
