Warning: You are sending unauthenticated requests to the HF Hub. Please set a HF_TOKEN to enable higher rate limits and faster downloads.
09/21/2026 17:12:58:WARNING:Warning: You are sending unauthenticated requests to the HF Hub. Please set a HF_TOKEN to enable higher rate limits and faster downloads.
/home/longt29/miniconda3/envs/curve/lib/python3.11/site-packages/torchvision/datasets/cifar.py:83: VisibleDeprecationWarning: dtype(): align should be passed as Python or NumPy boolean but got `align=0`. Did you mean to pass a tuple to create a subarray type? (Deprecated NumPy 2.4)
  entry = pickle.load(f, encoding="latin1")
/home/longt29/miniconda3/envs/curve/lib/python3.11/site-packages/opacus/accountants/analysis/rdp.py:332: UserWarning: Optimal order is the largest alpha. Please consider expanding the range of alphas to get a tighter privacy bound.
  warnings.warn(
wiener_a_none_lr_3e-3 scale=none linear_lr=0.003 seed=42 epoch=1: accuracy=0.1975 loss=2.25904 logical_steps=195
wiener_a_none_lr_3e-3 scale=none linear_lr=0.003 seed=42 epoch=2: accuracy=0.1063 loss=2.35294 logical_steps=195
wiener_a_none_lr_3e-3 scale=none linear_lr=0.003 seed=42 epoch=3: accuracy=0.1004 loss=2.36509 logical_steps=195
wiener_a_none_lr_3e-3 scale=none linear_lr=0.003 seed=42 epoch=4: accuracy=0.1331 loss=2.32352 logical_steps=195
wiener_a_none_lr_3e-3 scale=none linear_lr=0.003 seed=42 epoch=5: accuracy=0.1786 loss=2.28837 logical_steps=195
Warning: You are sending unauthenticated requests to the HF Hub. Please set a HF_TOKEN to enable higher rate limits and faster downloads.
09/21/2026 17:34:45:WARNING:Warning: You are sending unauthenticated requests to the HF Hub. Please set a HF_TOKEN to enable higher rate limits and faster downloads.
/home/longt29/miniconda3/envs/curve/lib/python3.11/site-packages/torchvision/datasets/cifar.py:83: VisibleDeprecationWarning: dtype(): align should be passed as Python or NumPy boolean but got `align=0`. Did you mean to pass a tuple to create a subarray type? (Deprecated NumPy 2.4)
  entry = pickle.load(f, encoding="latin1")
/home/longt29/miniconda3/envs/curve/lib/python3.11/site-packages/opacus/accountants/analysis/rdp.py:332: UserWarning: Optimal order is the largest alpha. Please consider expanding the range of alphas to get a tighter privacy bound.
  warnings.warn(
wiener_a_rms_lr_3e-3 scale=rms_match linear_lr=0.003 seed=42 epoch=1: accuracy=0.2009 loss=2.25921 logical_steps=195
wiener_a_rms_lr_3e-3 scale=rms_match linear_lr=0.003 seed=42 epoch=2: accuracy=0.1532 loss=2.43310 logical_steps=195
wiener_a_rms_lr_3e-3 scale=rms_match linear_lr=0.003 seed=42 epoch=3: accuracy=0.1682 loss=2.40340 logical_steps=195
wiener_a_rms_lr_3e-3 scale=rms_match linear_lr=0.003 seed=42 epoch=4: accuracy=0.1559 loss=2.28211 logical_steps=195
wiener_a_rms_lr_3e-3 scale=rms_match linear_lr=0.003 seed=42 epoch=5: accuracy=0.1152 loss=2.28496 logical_steps=195
