GPU 1: dp_kfc, damping=0.01
/home/longt29/miniconda3/envs/curve/lib/python3.11/site-packages/torchvision/datasets/cifar.py:83: VisibleDeprecationWarning: dtype(): align should be passed as Python or NumPy boolean but got `align=0`. Did you mean to pass a tuple to create a subarray type? (Deprecated NumPy 2.4)
  entry = pickle.load(f, encoding="latin1")
/home/longt29/miniconda3/envs/curve/lib/python3.11/site-packages/opacus/accountants/analysis/rdp.py:332: UserWarning: Optimal order is the largest alpha. Please consider expanding the range of alphas to get a tighter privacy bound.
  warnings.warn(
dp_kfc damping=0.01 seed=42 epoch=1: accuracy=0.2760 loss=2.07325 logical_steps=195
dp_kfc damping=0.01 seed=42 epoch=2: accuracy=0.2967 loss=1.96777 logical_steps=195
dp_kfc damping=0.01 seed=42 epoch=3: accuracy=0.3035 loss=1.94025 logical_steps=195
dp_kfc damping=0.01 seed=42 epoch=4: accuracy=0.3060 loss=1.91960 logical_steps=195
dp_kfc damping=0.01 seed=42 epoch=5: accuracy=0.3141 loss=1.90965 logical_steps=195
dp_kfc damping=0.01 seed=42 epoch=6: accuracy=0.3185 loss=1.89849 logical_steps=195
dp_kfc damping=0.01 seed=42 epoch=7: accuracy=0.3269 loss=1.89181 logical_steps=195
dp_kfc damping=0.01 seed=42 epoch=8: accuracy=0.3263 loss=1.88574 logical_steps=195
dp_kfc damping=0.01 seed=42 epoch=9: accuracy=0.3318 loss=1.87649 logical_steps=195
dp_kfc damping=0.01 seed=42 epoch=10: accuracy=0.3415 loss=1.86792 logical_steps=195
dp_kfc damping=0.01 seed=42 epoch=11: accuracy=0.3421 loss=1.85799 logical_steps=195
dp_kfc damping=0.01 seed=42 epoch=12: accuracy=0.3503 loss=1.84838 logical_steps=195
dp_kfc damping=0.01 seed=42 epoch=13: accuracy=0.3544 loss=1.84435 logical_steps=195
dp_kfc damping=0.01 seed=42 epoch=14: accuracy=0.3549 loss=1.83476 logical_steps=195
dp_kfc damping=0.01 seed=42 epoch=15: accuracy=0.3595 loss=1.83457 logical_steps=195
dp_kfc damping=0.01 seed=42 epoch=16: accuracy=0.3579 loss=1.82791 logical_steps=195
dp_kfc damping=0.01 seed=42 epoch=17: accuracy=0.3646 loss=1.82465 logical_steps=195
dp_kfc damping=0.01 seed=42 epoch=18: accuracy=0.3671 loss=1.81563 logical_steps=195
dp_kfc damping=0.01 seed=42 epoch=19: accuracy=0.3692 loss=1.81262 logical_steps=195
dp_kfc damping=0.01 seed=42 epoch=20: accuracy=0.3749 loss=1.80465 logical_steps=195
GPU 1: dp_kfc_a, damping=0.01
/home/longt29/miniconda3/envs/curve/lib/python3.11/site-packages/torchvision/datasets/cifar.py:83: VisibleDeprecationWarning: dtype(): align should be passed as Python or NumPy boolean but got `align=0`. Did you mean to pass a tuple to create a subarray type? (Deprecated NumPy 2.4)
  entry = pickle.load(f, encoding="latin1")
/home/longt29/miniconda3/envs/curve/lib/python3.11/site-packages/opacus/accountants/analysis/rdp.py:332: UserWarning: Optimal order is the largest alpha. Please consider expanding the range of alphas to get a tighter privacy bound.
  warnings.warn(
dp_kfc_a damping=0.01 seed=42 epoch=1: accuracy=0.2752 loss=2.06850 logical_steps=195
dp_kfc_a damping=0.01 seed=42 epoch=2: accuracy=0.2961 loss=1.96932 logical_steps=195
dp_kfc_a damping=0.01 seed=42 epoch=3: accuracy=0.3027 loss=1.94314 logical_steps=195
dp_kfc_a damping=0.01 seed=42 epoch=4: accuracy=0.3032 loss=1.92346 logical_steps=195
dp_kfc_a damping=0.01 seed=42 epoch=5: accuracy=0.3148 loss=1.91467 logical_steps=195
dp_kfc_a damping=0.01 seed=42 epoch=6: accuracy=0.3175 loss=1.90499 logical_steps=195
dp_kfc_a damping=0.01 seed=42 epoch=7: accuracy=0.3235 loss=1.90026 logical_steps=195
dp_kfc_a damping=0.01 seed=42 epoch=8: accuracy=0.3246 loss=1.89747 logical_steps=195
dp_kfc_a damping=0.01 seed=42 epoch=9: accuracy=0.3282 loss=1.89164 logical_steps=195
dp_kfc_a damping=0.01 seed=42 epoch=10: accuracy=0.3370 loss=1.88480 logical_steps=195
dp_kfc_a damping=0.01 seed=42 epoch=11: accuracy=0.3392 loss=1.87682 logical_steps=195
dp_kfc_a damping=0.01 seed=42 epoch=12: accuracy=0.3470 loss=1.86935 logical_steps=195
dp_kfc_a damping=0.01 seed=42 epoch=13: accuracy=0.3481 loss=1.86579 logical_steps=195
dp_kfc_a damping=0.01 seed=42 epoch=14: accuracy=0.3477 loss=1.85780 logical_steps=195
dp_kfc_a damping=0.01 seed=42 epoch=15: accuracy=0.3531 loss=1.85778 logical_steps=195
dp_kfc_a damping=0.01 seed=42 epoch=16: accuracy=0.3551 loss=1.85178 logical_steps=195
dp_kfc_a damping=0.01 seed=42 epoch=17: accuracy=0.3594 loss=1.84805 logical_steps=195
dp_kfc_a damping=0.01 seed=42 epoch=18: accuracy=0.3627 loss=1.83939 logical_steps=195
dp_kfc_a damping=0.01 seed=42 epoch=19: accuracy=0.3637 loss=1.83490 logical_steps=195
dp_kfc_a damping=0.01 seed=42 epoch=20: accuracy=0.3704 loss=1.83026 logical_steps=195
