GPU 2: dp_kfc, damping=0.1
/home/longt29/miniconda3/envs/curve/lib/python3.11/site-packages/torchvision/datasets/cifar.py:83: VisibleDeprecationWarning: dtype(): align should be passed as Python or NumPy boolean but got `align=0`. Did you mean to pass a tuple to create a subarray type? (Deprecated NumPy 2.4)
  entry = pickle.load(f, encoding="latin1")
/home/longt29/miniconda3/envs/curve/lib/python3.11/site-packages/opacus/accountants/analysis/rdp.py:332: UserWarning: Optimal order is the largest alpha. Please consider expanding the range of alphas to get a tighter privacy bound.
  warnings.warn(
dp_kfc damping=0.1 seed=42 epoch=1: accuracy=0.2773 loss=2.06276 logical_steps=195
dp_kfc damping=0.1 seed=42 epoch=2: accuracy=0.2964 loss=1.96314 logical_steps=195
dp_kfc damping=0.1 seed=42 epoch=3: accuracy=0.3070 loss=1.93775 logical_steps=195
dp_kfc damping=0.1 seed=42 epoch=4: accuracy=0.3060 loss=1.91925 logical_steps=195
dp_kfc damping=0.1 seed=42 epoch=5: accuracy=0.3172 loss=1.91142 logical_steps=195
dp_kfc damping=0.1 seed=42 epoch=6: accuracy=0.3198 loss=1.90182 logical_steps=195
dp_kfc damping=0.1 seed=42 epoch=7: accuracy=0.3293 loss=1.89630 logical_steps=195
dp_kfc damping=0.1 seed=42 epoch=8: accuracy=0.3340 loss=1.89246 logical_steps=195
dp_kfc damping=0.1 seed=42 epoch=9: accuracy=0.3335 loss=1.88423 logical_steps=195
dp_kfc damping=0.1 seed=42 epoch=10: accuracy=0.3463 loss=1.87390 logical_steps=195
dp_kfc damping=0.1 seed=42 epoch=11: accuracy=0.3451 loss=1.86374 logical_steps=195
dp_kfc damping=0.1 seed=42 epoch=12: accuracy=0.3501 loss=1.85557 logical_steps=195
dp_kfc damping=0.1 seed=42 epoch=13: accuracy=0.3583 loss=1.85006 logical_steps=195
dp_kfc damping=0.1 seed=42 epoch=14: accuracy=0.3597 loss=1.84108 logical_steps=195
dp_kfc damping=0.1 seed=42 epoch=15: accuracy=0.3676 loss=1.84108 logical_steps=195
dp_kfc damping=0.1 seed=42 epoch=16: accuracy=0.3673 loss=1.83342 logical_steps=195
dp_kfc damping=0.1 seed=42 epoch=17: accuracy=0.3703 loss=1.82891 logical_steps=195
dp_kfc damping=0.1 seed=42 epoch=18: accuracy=0.3758 loss=1.81741 logical_steps=195
dp_kfc damping=0.1 seed=42 epoch=19: accuracy=0.3762 loss=1.81324 logical_steps=195
dp_kfc damping=0.1 seed=42 epoch=20: accuracy=0.3805 loss=1.80799 logical_steps=195
GPU 2: dp_kfc_a, damping=0.1
/home/longt29/miniconda3/envs/curve/lib/python3.11/site-packages/torchvision/datasets/cifar.py:83: VisibleDeprecationWarning: dtype(): align should be passed as Python or NumPy boolean but got `align=0`. Did you mean to pass a tuple to create a subarray type? (Deprecated NumPy 2.4)
  entry = pickle.load(f, encoding="latin1")
/home/longt29/miniconda3/envs/curve/lib/python3.11/site-packages/opacus/accountants/analysis/rdp.py:332: UserWarning: Optimal order is the largest alpha. Please consider expanding the range of alphas to get a tighter privacy bound.
  warnings.warn(
dp_kfc_a damping=0.1 seed=42 epoch=1: accuracy=0.2771 loss=2.06114 logical_steps=195
dp_kfc_a damping=0.1 seed=42 epoch=2: accuracy=0.2975 loss=1.96372 logical_steps=195
dp_kfc_a damping=0.1 seed=42 epoch=3: accuracy=0.3036 loss=1.93920 logical_steps=195
dp_kfc_a damping=0.1 seed=42 epoch=4: accuracy=0.3062 loss=1.92133 logical_steps=195
dp_kfc_a damping=0.1 seed=42 epoch=5: accuracy=0.3169 loss=1.91393 logical_steps=195
dp_kfc_a damping=0.1 seed=42 epoch=6: accuracy=0.3189 loss=1.90493 logical_steps=195
dp_kfc_a damping=0.1 seed=42 epoch=7: accuracy=0.3288 loss=1.90027 logical_steps=195
dp_kfc_a damping=0.1 seed=42 epoch=8: accuracy=0.3333 loss=1.89753 logical_steps=195
dp_kfc_a damping=0.1 seed=42 epoch=9: accuracy=0.3342 loss=1.89001 logical_steps=195
dp_kfc_a damping=0.1 seed=42 epoch=10: accuracy=0.3457 loss=1.88090 logical_steps=195
dp_kfc_a damping=0.1 seed=42 epoch=11: accuracy=0.3441 loss=1.87032 logical_steps=195
dp_kfc_a damping=0.1 seed=42 epoch=12: accuracy=0.3509 loss=1.86250 logical_steps=195
dp_kfc_a damping=0.1 seed=42 epoch=13: accuracy=0.3572 loss=1.85637 logical_steps=195
dp_kfc_a damping=0.1 seed=42 epoch=14: accuracy=0.3581 loss=1.84793 logical_steps=195
dp_kfc_a damping=0.1 seed=42 epoch=15: accuracy=0.3660 loss=1.84729 logical_steps=195
dp_kfc_a damping=0.1 seed=42 epoch=16: accuracy=0.3635 loss=1.84004 logical_steps=195
dp_kfc_a damping=0.1 seed=42 epoch=17: accuracy=0.3691 loss=1.83487 logical_steps=195
dp_kfc_a damping=0.1 seed=42 epoch=18: accuracy=0.3712 loss=1.82314 logical_steps=195
dp_kfc_a damping=0.1 seed=42 epoch=19: accuracy=0.3757 loss=1.81807 logical_steps=195
dp_kfc_a damping=0.1 seed=42 epoch=20: accuracy=0.3791 loss=1.81423 logical_steps=195
GPU 2: dp_adamw, damping=None
/home/longt29/miniconda3/envs/curve/lib/python3.11/site-packages/torchvision/datasets/cifar.py:83: VisibleDeprecationWarning: dtype(): align should be passed as Python or NumPy boolean but got `align=0`. Did you mean to pass a tuple to create a subarray type? (Deprecated NumPy 2.4)
  entry = pickle.load(f, encoding="latin1")
/home/longt29/miniconda3/envs/curve/lib/python3.11/site-packages/opacus/accountants/analysis/rdp.py:332: UserWarning: Optimal order is the largest alpha. Please consider expanding the range of alphas to get a tighter privacy bound.
  warnings.warn(
dp_adamw damping=None seed=42 epoch=1: accuracy=0.2755 loss=2.05417 logical_steps=195
dp_adamw damping=None seed=42 epoch=2: accuracy=0.3007 loss=1.95978 logical_steps=195
dp_adamw damping=None seed=42 epoch=3: accuracy=0.3091 loss=1.93470 logical_steps=195
dp_adamw damping=None seed=42 epoch=4: accuracy=0.3131 loss=1.91571 logical_steps=195
dp_adamw damping=None seed=42 epoch=5: accuracy=0.3204 loss=1.90709 logical_steps=195
dp_adamw damping=None seed=42 epoch=6: accuracy=0.3248 loss=1.89586 logical_steps=195
dp_adamw damping=None seed=42 epoch=7: accuracy=0.3377 loss=1.88798 logical_steps=195
dp_adamw damping=None seed=42 epoch=8: accuracy=0.3401 loss=1.87899 logical_steps=195
dp_adamw damping=None seed=42 epoch=9: accuracy=0.3483 loss=1.86668 logical_steps=195
dp_adamw damping=None seed=42 epoch=10: accuracy=0.3527 loss=1.85641 logical_steps=195
dp_adamw damping=None seed=42 epoch=11: accuracy=0.3552 loss=1.84285 logical_steps=195
dp_adamw damping=None seed=42 epoch=12: accuracy=0.3650 loss=1.83227 logical_steps=195
dp_adamw damping=None seed=42 epoch=13: accuracy=0.3707 loss=1.82283 logical_steps=195
dp_adamw damping=None seed=42 epoch=14: accuracy=0.3741 loss=1.81640 logical_steps=195
dp_adamw damping=None seed=42 epoch=15: accuracy=0.3767 loss=1.81273 logical_steps=195
dp_adamw damping=None seed=42 epoch=16: accuracy=0.3769 loss=1.80334 logical_steps=195
dp_adamw damping=None seed=42 epoch=17: accuracy=0.3785 loss=1.79499 logical_steps=195
dp_adamw damping=None seed=42 epoch=18: accuracy=0.3877 loss=1.78169 logical_steps=195
dp_adamw damping=None seed=42 epoch=19: accuracy=0.3880 loss=1.77630 logical_steps=195
dp_adamw damping=None seed=42 epoch=20: accuracy=0.3917 loss=1.77073 logical_steps=195
