GPU 0: dp_kfc damping=0.001
/home/longt29/miniconda3/envs/curve/lib/python3.11/site-packages/torchvision/datasets/cifar.py:83: VisibleDeprecationWarning: dtype(): align should be passed as Python or NumPy boolean but got `align=0`. Did you mean to pass a tuple to create a subarray type? (Deprecated NumPy 2.4)
  entry = pickle.load(f, encoding="latin1")
/home/longt29/miniconda3/envs/curve/lib/python3.11/site-packages/opacus/accountants/analysis/rdp.py:332: UserWarning: Optimal order is the largest alpha. Please consider expanding the range of alphas to get a tighter privacy bound.
  warnings.warn(
dp_kfc damping=0.001 seed=42 epoch=1: accuracy=0.3325 loss=2.18519 logical_steps=195
dp_kfc damping=0.001 seed=42 epoch=2: accuracy=0.4653 loss=1.72124 logical_steps=195
dp_kfc damping=0.001 seed=42 epoch=3: accuracy=0.5509 loss=1.36274 logical_steps=195
dp_kfc damping=0.001 seed=42 epoch=4: accuracy=0.5927 loss=1.20623 logical_steps=195
dp_kfc damping=0.001 seed=42 epoch=5: accuracy=0.6175 loss=1.19241 logical_steps=195
GPU 0: dp_kfc_a damping=0.001
/home/longt29/miniconda3/envs/curve/lib/python3.11/site-packages/torchvision/datasets/cifar.py:83: VisibleDeprecationWarning: dtype(): align should be passed as Python or NumPy boolean but got `align=0`. Did you mean to pass a tuple to create a subarray type? (Deprecated NumPy 2.4)
  entry = pickle.load(f, encoding="latin1")
/home/longt29/miniconda3/envs/curve/lib/python3.11/site-packages/opacus/accountants/analysis/rdp.py:332: UserWarning: Optimal order is the largest alpha. Please consider expanding the range of alphas to get a tighter privacy bound.
  warnings.warn(
dp_kfc_a damping=0.001 seed=42 epoch=1: accuracy=0.3701 loss=2.12539 logical_steps=195
dp_kfc_a damping=0.001 seed=42 epoch=2: accuracy=0.5104 loss=1.58223 logical_steps=195
dp_kfc_a damping=0.001 seed=42 epoch=3: accuracy=0.5833 loss=1.25548 logical_steps=195
dp_kfc_a damping=0.001 seed=42 epoch=4: accuracy=0.6175 loss=1.17600 logical_steps=195
dp_kfc_a damping=0.001 seed=42 epoch=5: accuracy=0.6453 loss=1.19874 logical_steps=195
