GPU 1: dp_kfc damping=0.01
/home/longt29/miniconda3/envs/curve/lib/python3.11/site-packages/torchvision/datasets/cifar.py:83: VisibleDeprecationWarning: dtype(): align should be passed as Python or NumPy boolean but got `align=0`. Did you mean to pass a tuple to create a subarray type? (Deprecated NumPy 2.4)
  entry = pickle.load(f, encoding="latin1")
/home/longt29/miniconda3/envs/curve/lib/python3.11/site-packages/opacus/accountants/analysis/rdp.py:332: UserWarning: Optimal order is the largest alpha. Please consider expanding the range of alphas to get a tighter privacy bound.
  warnings.warn(
dp_kfc damping=0.01 seed=42 epoch=1: accuracy=0.3908 loss=2.09698 logical_steps=195
dp_kfc damping=0.01 seed=42 epoch=2: accuracy=0.5319 loss=1.51160 logical_steps=195
dp_kfc damping=0.01 seed=42 epoch=3: accuracy=0.6019 loss=1.20614 logical_steps=195
dp_kfc damping=0.01 seed=42 epoch=4: accuracy=0.6329 loss=1.17110 logical_steps=195
dp_kfc damping=0.01 seed=42 epoch=5: accuracy=0.6573 loss=1.24889 logical_steps=195
GPU 1: dp_kfc_a damping=0.01
/home/longt29/miniconda3/envs/curve/lib/python3.11/site-packages/torchvision/datasets/cifar.py:83: VisibleDeprecationWarning: dtype(): align should be passed as Python or NumPy boolean but got `align=0`. Did you mean to pass a tuple to create a subarray type? (Deprecated NumPy 2.4)
  entry = pickle.load(f, encoding="latin1")
/home/longt29/miniconda3/envs/curve/lib/python3.11/site-packages/opacus/accountants/analysis/rdp.py:332: UserWarning: Optimal order is the largest alpha. Please consider expanding the range of alphas to get a tighter privacy bound.
  warnings.warn(
dp_kfc_a damping=0.01 seed=42 epoch=1: accuracy=0.4140 loss=2.04352 logical_steps=195
dp_kfc_a damping=0.01 seed=42 epoch=2: accuracy=0.5564 loss=1.41646 logical_steps=195
dp_kfc_a damping=0.01 seed=42 epoch=3: accuracy=0.6188 loss=1.17806 logical_steps=195
dp_kfc_a damping=0.01 seed=42 epoch=4: accuracy=0.6526 loss=1.16664 logical_steps=195
dp_kfc_a damping=0.01 seed=42 epoch=5: accuracy=0.6764 loss=1.19236 logical_steps=195
