GPU 2: dp_kfc damping=0.1
/home/longt29/miniconda3/envs/curve/lib/python3.11/site-packages/torchvision/datasets/cifar.py:83: VisibleDeprecationWarning: dtype(): align should be passed as Python or NumPy boolean but got `align=0`. Did you mean to pass a tuple to create a subarray type? (Deprecated NumPy 2.4)
  entry = pickle.load(f, encoding="latin1")
/home/longt29/miniconda3/envs/curve/lib/python3.11/site-packages/opacus/accountants/analysis/rdp.py:332: UserWarning: Optimal order is the largest alpha. Please consider expanding the range of alphas to get a tighter privacy bound.
  warnings.warn(
dp_kfc damping=0.1 seed=42 epoch=1: accuracy=0.4338 loss=2.01131 logical_steps=195
dp_kfc damping=0.1 seed=42 epoch=2: accuracy=0.5686 loss=1.36610 logical_steps=195
dp_kfc damping=0.1 seed=42 epoch=3: accuracy=0.6303 loss=1.16655 logical_steps=195
dp_kfc damping=0.1 seed=42 epoch=4: accuracy=0.6645 loss=1.18479 logical_steps=195
dp_kfc damping=0.1 seed=42 epoch=5: accuracy=0.6864 loss=1.22349 logical_steps=195
GPU 2: dp_kfc_a damping=0.1
/home/longt29/miniconda3/envs/curve/lib/python3.11/site-packages/torchvision/datasets/cifar.py:83: VisibleDeprecationWarning: dtype(): align should be passed as Python or NumPy boolean but got `align=0`. Did you mean to pass a tuple to create a subarray type? (Deprecated NumPy 2.4)
  entry = pickle.load(f, encoding="latin1")
/home/longt29/miniconda3/envs/curve/lib/python3.11/site-packages/opacus/accountants/analysis/rdp.py:332: UserWarning: Optimal order is the largest alpha. Please consider expanding the range of alphas to get a tighter privacy bound.
  warnings.warn(
dp_kfc_a damping=0.1 seed=42 epoch=1: accuracy=0.4548 loss=1.96989 logical_steps=195
dp_kfc_a damping=0.1 seed=42 epoch=2: accuracy=0.5834 loss=1.31470 logical_steps=195
dp_kfc_a damping=0.1 seed=42 epoch=3: accuracy=0.6422 loss=1.16116 logical_steps=195
dp_kfc_a damping=0.1 seed=42 epoch=4: accuracy=0.6780 loss=1.15978 logical_steps=195
dp_kfc_a damping=0.1 seed=42 epoch=5: accuracy=0.6980 loss=1.16535 logical_steps=195
