Warning: You are sending unauthenticated requests to the HF Hub. Please set a HF_TOKEN to enable higher rate limits and faster downloads.
09/21/2026 18:37:19:WARNING:Warning: You are sending unauthenticated requests to the HF Hub. Please set a HF_TOKEN to enable higher rate limits and faster downloads.
/home/longt29/miniconda3/envs/curve/lib/python3.11/site-packages/torchvision/datasets/cifar.py:83: VisibleDeprecationWarning: dtype(): align should be passed as Python or NumPy boolean but got `align=0`. Did you mean to pass a tuple to create a subarray type? (Deprecated NumPy 2.4)
  entry = pickle.load(f, encoding="latin1")
/home/longt29/miniconda3/envs/curve/lib/python3.11/site-packages/opacus/accountants/analysis/rdp.py:332: UserWarning: Optimal order is the largest alpha. Please consider expanding the range of alphas to get a tighter privacy bound.
  warnings.warn(
wiener_a_gamma_0 gamma=0.0 seed=42 epoch=1: accuracy=0.8015 loss=1.54035 logical_steps=195
wiener_a_gamma_0 gamma=0.0 seed=42 epoch=2: accuracy=0.8859 loss=0.47621 logical_steps=195
wiener_a_gamma_0 gamma=0.0 seed=42 epoch=3: accuracy=0.9069 loss=0.35967 logical_steps=195
wiener_a_gamma_0 gamma=0.0 seed=42 epoch=4: accuracy=0.9178 loss=0.31571 logical_steps=195
wiener_a_gamma_0 gamma=0.0 seed=42 epoch=5: accuracy=0.9276 loss=0.28970 logical_steps=195
/home/longt29/miniconda3/envs/curve/lib/python3.11/site-packages/torchvision/datasets/cifar.py:83: VisibleDeprecationWarning: dtype(): align should be passed as Python or NumPy boolean but got `align=0`. Did you mean to pass a tuple to create a subarray type? (Deprecated NumPy 2.4)
  entry = pickle.load(f, encoding="latin1")
/home/longt29/miniconda3/envs/curve/lib/python3.11/site-packages/opacus/accountants/analysis/rdp.py:332: UserWarning: Optimal order is the largest alpha. Please consider expanding the range of alphas to get a tighter privacy bound.
  warnings.warn(
wiener_a_gamma_0.75 gamma=0.75 seed=42 epoch=1: accuracy=0.7990 loss=1.54051 logical_steps=195
wiener_a_gamma_0.75 gamma=0.75 seed=42 epoch=2: accuracy=0.8824 loss=0.48600 logical_steps=195
wiener_a_gamma_0.75 gamma=0.75 seed=42 epoch=3: accuracy=0.9055 loss=0.36545 logical_steps=195
wiener_a_gamma_0.75 gamma=0.75 seed=42 epoch=4: accuracy=0.9171 loss=0.32069 logical_steps=195
wiener_a_gamma_0.75 gamma=0.75 seed=42 epoch=5: accuracy=0.9277 loss=0.29444 logical_steps=195
